// Jest Snapshot v1, https://goo.gl/fbAQLP

exports[`App test renders properly 1`] = `
<BrowserRouter>
  <Route
    component={[Function]}
    path="/:app/:dt"
  />
  <withRouter(WeatherDaysForecastContainer) />
</BrowserRouter>
`;
